// Jest Snapshot v1, https://goo.gl/fbAQLP

exports[`locations should correctly parse the test folder 1`] = `
[
  {
    "abbr": "AFG",
    "folder": "AFG Afghanistan",
    "name": "Afghanistan",
  },
  {
    "abbr": "BZ",
    "folder": "BZ Brazil",
    "name": "Brazil",
  },
  {
    "abbr": "SPSH",
    "folder": "SPSH Spanish",
    "name": "Spanish",
  },
]
`;
